2025-03-28 18:06:42,489   INFO  **********************Start logging**********************
2025-03-28 18:06:42,489   INFO  CUDA_VISIBLE_DEVICES=ALL
2025-03-28 18:06:42,489   INFO  Training with a single process
2025-03-28 18:06:42,489   INFO  cfg_file         cfgs/nuscenes_models/cbgs_voxel01_res3d_centerpoint_uncertainty.yaml
2025-03-28 18:06:42,489   INFO  batch_size       32
2025-03-28 18:06:42,489   INFO  epochs           30
2025-03-28 18:06:42,489   INFO  workers          4
2025-03-28 18:06:42,489   INFO  extra_tag        shifted_bounded_uncertainty
2025-03-28 18:06:42,489   INFO  ckpt             None
2025-03-28 18:06:42,489   INFO  pretrained_model None
2025-03-28 18:06:42,489   INFO  launcher         none
2025-03-28 18:06:42,489   INFO  tcp_port         18888
2025-03-28 18:06:42,489   INFO  sync_bn          False
2025-03-28 18:06:42,489   INFO  fix_random_seed  False
2025-03-28 18:06:42,489   INFO  ckpt_save_interval 1
2025-03-28 18:06:42,489   INFO  local_rank       None
2025-03-28 18:06:42,489   INFO  max_ckpt_save_num 30
2025-03-28 18:06:42,489   INFO  merge_all_iters_to_one_epoch False
2025-03-28 18:06:42,489   INFO  set_cfgs         None
2025-03-28 18:06:42,489   INFO  max_waiting_mins 0
2025-03-28 18:06:42,489   INFO  start_epoch      0
2025-03-28 18:06:42,489   INFO  num_epochs_to_eval 0
2025-03-28 18:06:42,489   INFO  save_to_file     False
2025-03-28 18:06:42,490   INFO  use_tqdm_to_record False
2025-03-28 18:06:42,490   INFO  logger_iter_interval 50
2025-03-28 18:06:42,490   INFO  ckpt_save_time_interval 300
2025-03-28 18:06:42,490   INFO  wo_gpu_stat      False
2025-03-28 18:06:42,490   INFO  use_amp          False
2025-03-28 18:06:42,490   INFO  cfg.ROOT_DIR: /OpenPCDet
2025-03-28 18:06:42,490   INFO  cfg.LOCAL_RANK: 0
2025-03-28 18:06:42,490   INFO  cfg.CLASS_NAMES: ['car', 'truck', 'construction_vehicle', 'bus', 'trailer', 'barrier', 'motorcycle', 'bicycle', 'pedestrian', 'traffic_cone']
2025-03-28 18:06:42,490   INFO  ----------- DATA_CONFIG -----------
2025-03-28 18:06:42,490   INFO  cfg.DATA_CONFIG.DATASET: NuScenesDataset
2025-03-28 18:06:42,490   INFO  cfg.DATA_CONFIG.DATA_PATH: ../data/nuscenes
2025-03-28 18:06:42,490   INFO  cfg.DATA_CONFIG.VERSION: v1.0-trainval
2025-03-28 18:06:42,490   INFO  cfg.DATA_CONFIG.MAX_SWEEPS: 10
2025-03-28 18:06:42,490   INFO  cfg.DATA_CONFIG.PRED_VELOCITY: True
2025-03-28 18:06:42,490   INFO  cfg.DATA_CONFIG.SET_NAN_VELOCITY_TO_ZEROS: True
2025-03-28 18:06:42,490   INFO  cfg.DATA_CONFIG.FILTER_MIN_POINTS_IN_GT: 1
2025-03-28 18:06:42,490   INFO  ----------- DATA_SPLIT -----------
2025-03-28 18:06:42,490   INFO  cfg.DATA_CONFIG.DATA_SPLIT.train: train
2025-03-28 18:06:42,490   INFO  cfg.DATA_CONFIG.DATA_SPLIT.test: val
2025-03-28 18:06:42,490   INFO  ----------- INFO_PATH -----------
2025-03-28 18:06:42,490   INFO  cfg.DATA_CONFIG.INFO_PATH.train: ['nuscenes_infos_10sweeps_train.pkl']
2025-03-28 18:06:42,490   INFO  cfg.DATA_CONFIG.INFO_PATH.test: ['nuscenes_infos_10sweeps_val.pkl']
2025-03-28 18:06:42,490   INFO  cfg.DATA_CONFIG.POINT_CLOUD_RANGE: [-51.2, -51.2, -5.0, 51.2, 51.2, 3.0]
2025-03-28 18:06:42,490   INFO  cfg.DATA_CONFIG.BALANCED_RESAMPLING: True
2025-03-28 18:06:42,490   INFO  ----------- DATA_AUGMENTOR -----------
2025-03-28 18:06:42,490   INFO  cfg.DATA_CONFIG.DATA_AUGMENTOR.DISABLE_AUG_LIST: ['placeholder']
2025-03-28 18:06:42,490   INFO  cfg.DATA_CONFIG.DATA_AUGMENTOR.AUG_CONFIG_LIST: [{'NAME': 'gt_sampling', 'DB_INFO_PATH': ['nuscenes_dbinfos_10sweeps_withvelo.pkl'], 'PREPARE': {'filter_by_min_points': ['car:5', 'truck:5', 'construction_vehicle:5', 'bus:5', 'trailer:5', 'barrier:5', 'motorcycle:5', 'bicycle:5', 'pedestrian:5', 'traffic_cone:5']}, 'SAMPLE_GROUPS': ['car:2', 'truck:3', 'construction_vehicle:7', 'bus:4', 'trailer:6', 'barrier:2', 'motorcycle:6', 'bicycle:6', 'pedestrian:2', 'traffic_cone:2'], 'NUM_POINT_FEATURES': 5, 'DATABASE_WITH_FAKELIDAR': False, 'REMOVE_EXTRA_WIDTH': [0.0, 0.0, 0.0], 'LIMIT_WHOLE_SCENE': True}, {'NAME': 'random_world_flip', 'ALONG_AXIS_LIST': ['x', 'y']}, {'NAME': 'random_world_rotation', 'WORLD_ROT_ANGLE': [-0.3925, 0.3925]}, {'NAME': 'random_world_scaling', 'WORLD_SCALE_RANGE': [0.95, 1.05]}]
2025-03-28 18:06:42,491   INFO  ----------- POINT_FEATURE_ENCODING -----------
2025-03-28 18:06:42,491   INFO  cfg.DATA_CONFIG.POINT_FEATURE_ENCODING.encoding_type: absolute_coordinates_encoding
2025-03-28 18:06:42,491   INFO  cfg.DATA_CONFIG.POINT_FEATURE_ENCODING.used_feature_list: ['x', 'y', 'z', 'intensity', 'timestamp']
2025-03-28 18:06:42,491   INFO  cfg.DATA_CONFIG.POINT_FEATURE_ENCODING.src_feature_list: ['x', 'y', 'z', 'intensity', 'timestamp']
2025-03-28 18:06:42,491   INFO  cfg.DATA_CONFIG.DATA_PROCESSOR: [{'NAME': 'mask_points_and_boxes_outside_range', 'REMOVE_OUTSIDE_BOXES': True}, {'NAME': 'shuffle_points', 'SHUFFLE_ENABLED': {'train': True, 'test': True}}, {'NAME': 'transform_points_to_voxels', 'VOXEL_SIZE': [0.1, 0.1, 0.2], 'MAX_POINTS_PER_VOXEL': 10, 'MAX_NUMBER_OF_VOXELS': {'train': 60000, 'test': 60000}}]
2025-03-28 18:06:42,491   INFO  cfg.DATA_CONFIG._BASE_CONFIG_: cfgs/dataset_configs/nuscenes_dataset.yaml
2025-03-28 18:06:42,491   INFO  ----------- MODEL -----------
2025-03-28 18:06:42,491   INFO  cfg.MODEL.NAME: CenterPoint
2025-03-28 18:06:42,491   INFO  ----------- VFE -----------
2025-03-28 18:06:42,491   INFO  cfg.MODEL.VFE.NAME: MeanVFE
2025-03-28 18:06:42,491   INFO  ----------- BACKBONE_3D -----------
2025-03-28 18:06:42,491   INFO  cfg.MODEL.BACKBONE_3D.NAME: VoxelResBackBone8x
2025-03-28 18:06:42,491   INFO  ----------- MAP_TO_BEV -----------
2025-03-28 18:06:42,491   INFO  cfg.MODEL.MAP_TO_BEV.NAME: HeightCompression
2025-03-28 18:06:42,491   INFO  cfg.MODEL.MAP_TO_BEV.NUM_BEV_FEATURES: 256
2025-03-28 18:06:42,491   INFO  ----------- BACKBONE_2D -----------
2025-03-28 18:06:42,491   INFO  cfg.MODEL.BACKBONE_2D.NAME: BaseBEVBackbone
2025-03-28 18:06:42,491   INFO  cfg.MODEL.BACKBONE_2D.LAYER_NUMS: [5, 5]
2025-03-28 18:06:42,491   INFO  cfg.MODEL.BACKBONE_2D.LAYER_STRIDES: [1, 2]
2025-03-28 18:06:42,491   INFO  cfg.MODEL.BACKBONE_2D.NUM_FILTERS: [128, 256]
2025-03-28 18:06:42,491   INFO  cfg.MODEL.BACKBONE_2D.UPSAMPLE_STRIDES: [1, 2]
2025-03-28 18:06:42,491   INFO  cfg.MODEL.BACKBONE_2D.NUM_UPSAMPLE_FILTERS: [256, 256]
2025-03-28 18:06:42,491   INFO  ----------- DENSE_HEAD -----------
2025-03-28 18:06:42,491   INFO  cfg.MODEL.DENSE_HEAD.NAME: UncertaintyCenterHead
2025-03-28 18:06:42,491   INFO  cfg.MODEL.DENSE_HEAD.CLASS_AGNOSTIC: False
2025-03-28 18:06:42,491   INFO  cfg.MODEL.DENSE_HEAD.CLASS_NAMES_EACH_HEAD: [['car'], ['truck', 'construction_vehicle'], ['bus', 'trailer'], ['barrier'], ['motorcycle', 'bicycle'], ['pedestrian', 'traffic_cone']]
2025-03-28 18:06:42,491   INFO  cfg.MODEL.DENSE_HEAD.SHARED_CONV_CHANNEL: 64
2025-03-28 18:06:42,492   INFO  cfg.MODEL.DENSE_HEAD.USE_BIAS_BEFORE_NORM: True
2025-03-28 18:06:42,492   INFO  cfg.MODEL.DENSE_HEAD.NUM_HM_CONV: 2
2025-03-28 18:06:42,492   INFO  ----------- SEPARATE_HEAD_CFG -----------
2025-03-28 18:06:42,492   INFO  cfg.MODEL.DENSE_HEAD.SEPARATE_HEAD_CFG.HEAD_ORDER: ['center', 'center_z', 'dim', 'rot', 'vel']
2025-03-28 18:06:42,492   INFO  ----------- HEAD_DICT -----------
2025-03-28 18:06:42,492   INFO  ----------- center -----------
2025-03-28 18:06:42,492   INFO  cfg.MODEL.DENSE_HEAD.SEPARATE_HEAD_CFG.HEAD_DICT.center.out_channels: 2
2025-03-28 18:06:42,492   INFO  cfg.MODEL.DENSE_HEAD.SEPARATE_HEAD_CFG.HEAD_DICT.center.num_conv: 2
2025-03-28 18:06:42,492   INFO  ----------- center_z -----------
2025-03-28 18:06:42,492   INFO  cfg.MODEL.DENSE_HEAD.SEPARATE_HEAD_CFG.HEAD_DICT.center_z.out_channels: 1
2025-03-28 18:06:42,492   INFO  cfg.MODEL.DENSE_HEAD.SEPARATE_HEAD_CFG.HEAD_DICT.center_z.num_conv: 2
2025-03-28 18:06:42,492   INFO  ----------- dim -----------
2025-03-28 18:06:42,492   INFO  cfg.MODEL.DENSE_HEAD.SEPARATE_HEAD_CFG.HEAD_DICT.dim.out_channels: 3
2025-03-28 18:06:42,492   INFO  cfg.MODEL.DENSE_HEAD.SEPARATE_HEAD_CFG.HEAD_DICT.dim.num_conv: 2
2025-03-28 18:06:42,492   INFO  ----------- rot -----------
2025-03-28 18:06:42,492   INFO  cfg.MODEL.DENSE_HEAD.SEPARATE_HEAD_CFG.HEAD_DICT.rot.out_channels: 2
2025-03-28 18:06:42,492   INFO  cfg.MODEL.DENSE_HEAD.SEPARATE_HEAD_CFG.HEAD_DICT.rot.num_conv: 2
2025-03-28 18:06:42,492   INFO  ----------- vel -----------
2025-03-28 18:06:42,492   INFO  cfg.MODEL.DENSE_HEAD.SEPARATE_HEAD_CFG.HEAD_DICT.vel.out_channels: 2
2025-03-28 18:06:42,492   INFO  cfg.MODEL.DENSE_HEAD.SEPARATE_HEAD_CFG.HEAD_DICT.vel.num_conv: 2
2025-03-28 18:06:42,492   INFO  ----------- center_uncertainty -----------
2025-03-28 18:06:42,492   INFO  cfg.MODEL.DENSE_HEAD.SEPARATE_HEAD_CFG.HEAD_DICT.center_uncertainty.out_channels: 2
2025-03-28 18:06:42,492   INFO  cfg.MODEL.DENSE_HEAD.SEPARATE_HEAD_CFG.HEAD_DICT.center_uncertainty.num_conv: 2
2025-03-28 18:06:42,492   INFO  ----------- dim_uncertainty -----------
2025-03-28 18:06:42,492   INFO  cfg.MODEL.DENSE_HEAD.SEPARATE_HEAD_CFG.HEAD_DICT.dim_uncertainty.out_channels: 3
2025-03-28 18:06:42,492   INFO  cfg.MODEL.DENSE_HEAD.SEPARATE_HEAD_CFG.HEAD_DICT.dim_uncertainty.num_conv: 2
2025-03-28 18:06:42,492   INFO  ----------- TARGET_ASSIGNER_CONFIG -----------
2025-03-28 18:06:42,493   INFO  cfg.MODEL.DENSE_HEAD.TARGET_ASSIGNER_CONFIG.FEATURE_MAP_STRIDE: 8
2025-03-28 18:06:42,493   INFO  cfg.MODEL.DENSE_HEAD.TARGET_ASSIGNER_CONFIG.NUM_MAX_OBJS: 500
2025-03-28 18:06:42,493   INFO  cfg.MODEL.DENSE_HEAD.TARGET_ASSIGNER_CONFIG.GAUSSIAN_OVERLAP: 0.1
2025-03-28 18:06:42,493   INFO  cfg.MODEL.DENSE_HEAD.TARGET_ASSIGNER_CONFIG.MIN_RADIUS: 2
2025-03-28 18:06:42,493   INFO  ----------- LOSS_CONFIG -----------
2025-03-28 18:06:42,493   INFO  ----------- LOSS_WEIGHTS -----------
2025-03-28 18:06:42,493   INFO  cfg.MODEL.DENSE_HEAD.LOSS_CONFIG.LOSS_WEIGHTS.cls_weight: 1.0
2025-03-28 18:06:42,493   INFO  cfg.MODEL.DENSE_HEAD.LOSS_CONFIG.LOSS_WEIGHTS.loc_weight: 0.25
2025-03-28 18:06:42,493   INFO  cfg.MODEL.DENSE_HEAD.LOSS_CONFIG.LOSS_WEIGHTS.code_weights: [1.0, 1.0, 1.0, 1.0, 1.0, 1.0, 0.2, 0.2, 1.0, 1.0]
2025-03-28 18:06:42,493   INFO  ----------- POST_PROCESSING -----------
2025-03-28 18:06:42,493   INFO  cfg.MODEL.DENSE_HEAD.POST_PROCESSING.SCORE_THRESH: 0.1
2025-03-28 18:06:42,493   INFO  cfg.MODEL.DENSE_HEAD.POST_PROCESSING.POST_CENTER_LIMIT_RANGE: [-61.2, -61.2, -10.0, 61.2, 61.2, 10.0]
2025-03-28 18:06:42,493   INFO  cfg.MODEL.DENSE_HEAD.POST_PROCESSING.MAX_OBJ_PER_SAMPLE: 500
2025-03-28 18:06:42,493   INFO  ----------- NMS_CONFIG -----------
2025-03-28 18:06:42,493   INFO  cfg.MODEL.DENSE_HEAD.POST_PROCESSING.NMS_CONFIG.NMS_TYPE: nms_gpu
2025-03-28 18:06:42,493   INFO  cfg.MODEL.DENSE_HEAD.POST_PROCESSING.NMS_CONFIG.NMS_THRESH: 0.2
2025-03-28 18:06:42,493   INFO  cfg.MODEL.DENSE_HEAD.POST_PROCESSING.NMS_CONFIG.NMS_PRE_MAXSIZE: 1000
2025-03-28 18:06:42,493   INFO  cfg.MODEL.DENSE_HEAD.POST_PROCESSING.NMS_CONFIG.NMS_POST_MAXSIZE: 83
2025-03-28 18:06:42,493   INFO  ----------- POST_PROCESSING -----------
2025-03-28 18:06:42,493   INFO  cfg.MODEL.POST_PROCESSING.RECALL_THRESH_LIST: [0.3, 0.5, 0.7]
2025-03-28 18:06:42,493   INFO  cfg.MODEL.POST_PROCESSING.EVAL_METRIC: kitti
2025-03-28 18:06:42,493   INFO  ----------- OPTIMIZATION -----------
2025-03-28 18:06:42,493   INFO  cfg.OPTIMIZATION.BATCH_SIZE_PER_GPU: 32
2025-03-28 18:06:42,493   INFO  cfg.OPTIMIZATION.NUM_EPOCHS: 30
2025-03-28 18:06:42,493   INFO  cfg.OPTIMIZATION.OPTIMIZER: adam_onecycle
2025-03-28 18:06:42,493   INFO  cfg.OPTIMIZATION.LR: 0.003
2025-03-28 18:06:42,493   INFO  cfg.OPTIMIZATION.WEIGHT_DECAY: 0.01
2025-03-28 18:06:42,494   INFO  cfg.OPTIMIZATION.MOMENTUM: 0.9
2025-03-28 18:06:42,494   INFO  cfg.OPTIMIZATION.MOMS: [0.95, 0.85]
2025-03-28 18:06:42,494   INFO  cfg.OPTIMIZATION.PCT_START: 0.4
2025-03-28 18:06:42,494   INFO  cfg.OPTIMIZATION.DIV_FACTOR: 10
2025-03-28 18:06:42,494   INFO  cfg.OPTIMIZATION.DECAY_STEP_LIST: [35, 45]
2025-03-28 18:06:42,494   INFO  cfg.OPTIMIZATION.LR_DECAY: 0.1
2025-03-28 18:06:42,494   INFO  cfg.OPTIMIZATION.LR_CLIP: 1e-07
2025-03-28 18:06:42,494   INFO  cfg.OPTIMIZATION.LR_WARMUP: False
2025-03-28 18:06:42,494   INFO  cfg.OPTIMIZATION.WARMUP_EPOCH: 1
2025-03-28 18:06:42,494   INFO  cfg.OPTIMIZATION.GRAD_NORM_CLIP: 10
2025-03-28 18:06:42,494   INFO  cfg.TAG: cbgs_voxel01_res3d_centerpoint_uncertainty
2025-03-28 18:06:42,494   INFO  cfg.EXP_GROUP_PATH: nuscenes_models
2025-03-28 18:06:42,501   INFO  ----------- Create dataloader & network & optimizer -----------
2025-03-28 18:06:45,376   INFO  Database filter by min points car: 339949 => 294532
2025-03-28 18:06:45,387   INFO  Database filter by min points truck: 65262 => 60344
2025-03-28 18:06:45,389   INFO  Database filter by min points construction_vehicle: 11050 => 10589
2025-03-28 18:06:45,391   INFO  Database filter by min points bus: 12286 => 11619
2025-03-28 18:06:45,393   INFO  Database filter by min points trailer: 19202 => 17934
2025-03-28 18:06:45,408   INFO  Database filter by min points barrier: 107507 => 101993
2025-03-28 18:06:45,410   INFO  Database filter by min points motorcycle: 8846 => 8055
2025-03-28 18:06:45,411   INFO  Database filter by min points bicycle: 8185 => 7531
2025-03-28 18:06:45,432   INFO  Database filter by min points pedestrian: 161928 => 148520
2025-03-28 18:06:45,441   INFO  Database filter by min points traffic_cone: 62964 => 55504
2025-03-28 18:06:45,507   INFO  Loading NuScenes dataset
2025-03-28 18:06:47,317   INFO  Total samples for NuScenes dataset: 28130
2025-03-28 18:06:47,554   INFO  Total samples after balanced resampling: 123580
2025-03-28 18:06:50,662   INFO  ==> Loading parameters from checkpoint /OpenPCDet/output/nuscenes_models/cbgs_voxel01_res3d_centerpoint_uncertainty/shifted_bounded_uncertainty/ckpt/latest_model.pth to GPU
2025-03-28 18:06:50,932   INFO  ==> Loading optimizer parameters from checkpoint /OpenPCDet/output/nuscenes_models/cbgs_voxel01_res3d_centerpoint_uncertainty/shifted_bounded_uncertainty/ckpt/latest_model.pth to GPU
2025-03-28 18:06:51,272   INFO  ==> Done
2025-03-28 18:06:51,276   INFO  ----------- Model CenterPoint created, param count: 9403572 -----------
2025-03-28 18:06:51,276   INFO  CenterPoint(
  (vfe): MeanVFE()
  (backbone_3d): VoxelResBackBone8x(
    (conv_input): SparseSequential(
      (0): SubMConv3d(5, 16, kernel_size=[3, 3, 3], stride=[1, 1, 1], padding=[1, 1, 1], dilation=[1, 1, 1], output_padding=[0, 0, 0], bias=False, algo=ConvAlgo.MaskImplicitGemm)
      (1): BatchNorm1d(16, eps=0.001, momentum=0.01, affine=True, track_running_stats=True)
      (2): ReLU()
    )
    (conv1): SparseSequential(
      (0): SparseBasicBlock(
        (conv1): SubMConv3d(16, 16, kernel_size=[3, 3, 3], stride=[1, 1, 1], padding=[1, 1, 1], dilation=[1, 1, 1], output_padding=[0, 0, 0], algo=ConvAlgo.MaskImplicitGemm)
        (bn1): BatchNorm1d(16, eps=0.001, momentum=0.01, affine=True, track_running_stats=True)
        (relu): ReLU()
        (conv2): SubMConv3d(16, 16, kernel_size=[3, 3, 3], stride=[1, 1, 1], padding=[1, 1, 1], dilation=[1, 1, 1], output_padding=[0, 0, 0], algo=ConvAlgo.MaskImplicitGemm)
        (bn2): BatchNorm1d(16, eps=0.001, momentum=0.01, affine=True, track_running_stats=True)
      )
      (1): SparseBasicBlock(
        (conv1): SubMConv3d(16, 16, kernel_size=[3, 3, 3], stride=[1, 1, 1], padding=[1, 1, 1], dilation=[1, 1, 1], output_padding=[0, 0, 0], algo=ConvAlgo.MaskImplicitGemm)
        (bn1): BatchNorm1d(16, eps=0.001, momentum=0.01, affine=True, track_running_stats=True)
        (relu): ReLU()
        (conv2): SubMConv3d(16, 16, kernel_size=[3, 3, 3], stride=[1, 1, 1], padding=[1, 1, 1], dilation=[1, 1, 1], output_padding=[0, 0, 0], algo=ConvAlgo.MaskImplicitGemm)
        (bn2): BatchNorm1d(16, eps=0.001, momentum=0.01, affine=True, track_running_stats=True)
      )
    )
    (conv2): SparseSequential(
      (0): SparseSequential(
        (0): SparseConv3d(16, 32, kernel_size=[3, 3, 3], stride=[2, 2, 2], padding=[1, 1, 1], dilation=[1, 1, 1], output_padding=[0, 0, 0], bias=False, algo=ConvAlgo.MaskImplicitGemm)
        (1): BatchNorm1d(32, eps=0.001, momentum=0.01, affine=True, track_running_stats=True)
        (2): ReLU()
      )
      (1): SparseBasicBlock(
        (conv1): SubMConv3d(32, 32, kernel_size=[3, 3, 3], stride=[1, 1, 1], padding=[1, 1, 1], dilation=[1, 1, 1], output_padding=[0, 0, 0], algo=ConvAlgo.MaskImplicitGemm)
        (bn1): BatchNorm1d(32, eps=0.001, momentum=0.01, affine=True, track_running_stats=True)
        (relu): ReLU()
        (conv2): SubMConv3d(32, 32, kernel_size=[3, 3, 3], stride=[1, 1, 1], padding=[1, 1, 1], dilation=[1, 1, 1], output_padding=[0, 0, 0], algo=ConvAlgo.MaskImplicitGemm)
        (bn2): BatchNorm1d(32, eps=0.001, momentum=0.01, affine=True, track_running_stats=True)
      )
      (2): SparseBasicBlock(
        (conv1): SubMConv3d(32, 32, kernel_size=[3, 3, 3], stride=[1, 1, 1], padding=[1, 1, 1], dilation=[1, 1, 1], output_padding=[0, 0, 0], algo=ConvAlgo.MaskImplicitGemm)
        (bn1): BatchNorm1d(32, eps=0.001, momentum=0.01, affine=True, track_running_stats=True)
        (relu): ReLU()
        (conv2): SubMConv3d(32, 32, kernel_size=[3, 3, 3], stride=[1, 1, 1], padding=[1, 1, 1], dilation=[1, 1, 1], output_padding=[0, 0, 0], algo=ConvAlgo.MaskImplicitGemm)
        (bn2): BatchNorm1d(32, eps=0.001, momentum=0.01, affine=True, track_running_stats=True)
      )
    )
    (conv3): SparseSequential(
      (0): SparseSequential(
        (0): SparseConv3d(32, 64, kernel_size=[3, 3, 3], stride=[2, 2, 2], padding=[1, 1, 1], dilation=[1, 1, 1], output_padding=[0, 0, 0], bias=False, algo=ConvAlgo.MaskImplicitGemm)
        (1): BatchNorm1d(64, eps=0.001, momentum=0.01, affine=True, track_running_stats=True)
        (2): ReLU()
      )
      (1): SparseBasicBlock(
        (conv1): SubMConv3d(64, 64, kernel_size=[3, 3, 3], stride=[1, 1, 1], padding=[1, 1, 1], dilation=[1, 1, 1], output_padding=[0, 0, 0], algo=ConvAlgo.MaskImplicitGemm)
        (bn1): BatchNorm1d(64, eps=0.001, momentum=0.01, affine=True, track_running_stats=True)
        (relu): ReLU()
        (conv2): SubMConv3d(64, 64, kernel_size=[3, 3, 3], stride=[1, 1, 1], padding=[1, 1, 1], dilation=[1, 1, 1], output_padding=[0, 0, 0], algo=ConvAlgo.MaskImplicitGemm)
        (bn2): BatchNorm1d(64, eps=0.001, momentum=0.01, affine=True, track_running_stats=True)
      )
      (2): SparseBasicBlock(
        (conv1): SubMConv3d(64, 64, kernel_size=[3, 3, 3], stride=[1, 1, 1], padding=[1, 1, 1], dilation=[1, 1, 1], output_padding=[0, 0, 0], algo=ConvAlgo.MaskImplicitGemm)
        (bn1): BatchNorm1d(64, eps=0.001, momentum=0.01, affine=True, track_running_stats=True)
        (relu): ReLU()
        (conv2): SubMConv3d(64, 64, kernel_size=[3, 3, 3], stride=[1, 1, 1], padding=[1, 1, 1], dilation=[1, 1, 1], output_padding=[0, 0, 0], algo=ConvAlgo.MaskImplicitGemm)
        (bn2): BatchNorm1d(64, eps=0.001, momentum=0.01, affine=True, track_running_stats=True)
      )
    )
    (conv4): SparseSequential(
      (0): SparseSequential(
        (0): SparseConv3d(64, 128, kernel_size=[3, 3, 3], stride=[2, 2, 2], padding=[0, 1, 1], dilation=[1, 1, 1], output_padding=[0, 0, 0], bias=False, algo=ConvAlgo.MaskImplicitGemm)
        (1): BatchNorm1d(128, eps=0.001, momentum=0.01, affine=True, track_running_stats=True)
        (2): ReLU()
      )
      (1): SparseBasicBlock(
        (conv1): SubMConv3d(128, 128, kernel_size=[3, 3, 3], stride=[1, 1, 1], padding=[1, 1, 1], dilation=[1, 1, 1], output_padding=[0, 0, 0], algo=ConvAlgo.MaskImplicitGemm)
        (bn1): BatchNorm1d(128, eps=0.001, momentum=0.01, affine=True, track_running_stats=True)
        (relu): ReLU()
        (conv2): SubMConv3d(128, 128, kernel_size=[3, 3, 3], stride=[1, 1, 1], padding=[1, 1, 1], dilation=[1, 1, 1], output_padding=[0, 0, 0], algo=ConvAlgo.MaskImplicitGemm)
        (bn2): BatchNorm1d(128, eps=0.001, momentum=0.01, affine=True, track_running_stats=True)
      )
      (2): SparseBasicBlock(
        (conv1): SubMConv3d(128, 128, kernel_size=[3, 3, 3], stride=[1, 1, 1], padding=[1, 1, 1], dilation=[1, 1, 1], output_padding=[0, 0, 0], algo=ConvAlgo.MaskImplicitGemm)
        (bn1): BatchNorm1d(128, eps=0.001, momentum=0.01, affine=True, track_running_stats=True)
        (relu): ReLU()
        (conv2): SubMConv3d(128, 128, kernel_size=[3, 3, 3], stride=[1, 1, 1], padding=[1, 1, 1], dilation=[1, 1, 1], output_padding=[0, 0, 0], algo=ConvAlgo.MaskImplicitGemm)
        (bn2): BatchNorm1d(128, eps=0.001, momentum=0.01, affine=True, track_running_stats=True)
      )
    )
    (conv_out): SparseSequential(
      (0): SparseConv3d(128, 128, kernel_size=[3, 1, 1], stride=[2, 1, 1], padding=[0, 0, 0], dilation=[1, 1, 1], output_padding=[0, 0, 0], bias=False, algo=ConvAlgo.MaskImplicitGemm)
      (1): BatchNorm1d(128, eps=0.001, momentum=0.01, affine=True, track_running_stats=True)
      (2): ReLU()
    )
  )
  (map_to_bev_module): HeightCompression()
  (pfe): None
  (backbone_2d): BaseBEVBackbone(
    (blocks): ModuleList(
      (0): Sequential(
        (0): ZeroPad2d((1, 1, 1, 1))
        (1): Conv2d(256, 128, kernel_size=(3, 3), stride=(1, 1), bias=False)
        (2): BatchNorm2d(128, eps=0.001, momentum=0.01, affine=True, track_running_stats=True)
        (3): ReLU()
        (4): Conv2d(128, 128, kernel_size=(3, 3), stride=(1, 1), padding=(1, 1), bias=False)
        (5): BatchNorm2d(128, eps=0.001, momentum=0.01, affine=True, track_running_stats=True)
        (6): ReLU()
        (7): Conv2d(128, 128, kernel_size=(3, 3), stride=(1, 1), padding=(1, 1), bias=False)
        (8): BatchNorm2d(128, eps=0.001, momentum=0.01, affine=True, track_running_stats=True)
        (9): ReLU()
        (10): Conv2d(128, 128, kernel_size=(3, 3), stride=(1, 1), padding=(1, 1), bias=False)
        (11): BatchNorm2d(128, eps=0.001, momentum=0.01, affine=True, track_running_stats=True)
        (12): ReLU()
        (13): Conv2d(128, 128, kernel_size=(3, 3), stride=(1, 1), padding=(1, 1), bias=False)
        (14): BatchNorm2d(128, eps=0.001, momentum=0.01, affine=True, track_running_stats=True)
        (15): ReLU()
        (16): Conv2d(128, 128, kernel_size=(3, 3), stride=(1, 1), padding=(1, 1), bias=False)
        (17): BatchNorm2d(128, eps=0.001, momentum=0.01, affine=True, track_running_stats=True)
        (18): ReLU()
      )
      (1): Sequential(
        (0): ZeroPad2d((1, 1, 1, 1))
        (1): Conv2d(128, 256, kernel_size=(3, 3), stride=(2, 2), bias=False)
        (2): BatchNorm2d(256, eps=0.001, momentum=0.01, affine=True, track_running_stats=True)
        (3): ReLU()
        (4): Conv2d(256, 256, kernel_size=(3, 3), stride=(1, 1), padding=(1, 1), bias=False)
        (5): BatchNorm2d(256, eps=0.001, momentum=0.01, affine=True, track_running_stats=True)
        (6): ReLU()
        (7): Conv2d(256, 256, kernel_size=(3, 3), stride=(1, 1), padding=(1, 1), bias=False)
        (8): BatchNorm2d(256, eps=0.001, momentum=0.01, affine=True, track_running_stats=True)
        (9): ReLU()
        (10): Conv2d(256, 256, kernel_size=(3, 3), stride=(1, 1), padding=(1, 1), bias=False)
        (11): BatchNorm2d(256, eps=0.001, momentum=0.01, affine=True, track_running_stats=True)
        (12): ReLU()
        (13): Conv2d(256, 256, kernel_size=(3, 3), stride=(1, 1), padding=(1, 1), bias=False)
        (14): BatchNorm2d(256, eps=0.001, momentum=0.01, affine=True, track_running_stats=True)
        (15): ReLU()
        (16): Conv2d(256, 256, kernel_size=(3, 3), stride=(1, 1), padding=(1, 1), bias=False)
        (17): BatchNorm2d(256, eps=0.001, momentum=0.01, affine=True, track_running_stats=True)
        (18): ReLU()
      )
    )
    (deblocks): ModuleList(
      (0): Sequential(
        (0): ConvTranspose2d(128, 256, kernel_size=(1, 1), stride=(1, 1), bias=False)
        (1): BatchNorm2d(256, eps=0.001, momentum=0.01, affine=True, track_running_stats=True)
        (2): ReLU()
      )
      (1): Sequential(
        (0): ConvTranspose2d(256, 256, kernel_size=(2, 2), stride=(2, 2), bias=False)
        (1): BatchNorm2d(256, eps=0.001, momentum=0.01, affine=True, track_running_stats=True)
        (2): ReLU()
      )
    )
  )
  (dense_head): UncertaintyCenterHead(
    (shared_conv): Sequential(
      (0): Conv2d(512, 64, kernel_size=(3, 3), stride=(1, 1), padding=(1, 1))
      (1): BatchNorm2d(64, eps=1e-05, momentum=0.1, affine=True, track_running_stats=True)
      (2): ReLU()
    )
    (heads_list): ModuleList(
      (0): SeparateHead(
        (center): Sequential(
          (0): Sequential(
            (0): Conv2d(64, 64, kernel_size=(3, 3), stride=(1, 1), padding=(1, 1))
            (1): BatchNorm2d(64, eps=1e-05, momentum=0.1, affine=True, track_running_stats=True)
            (2): ReLU()
          )
          (1): Conv2d(64, 2, kernel_size=(3, 3), stride=(1, 1), padding=(1, 1))
        )
        (center_z): Sequential(
          (0): Sequential(
            (0): Conv2d(64, 64, kernel_size=(3, 3), stride=(1, 1), padding=(1, 1))
            (1): BatchNorm2d(64, eps=1e-05, momentum=0.1, affine=True, track_running_stats=True)
            (2): ReLU()
          )
          (1): Conv2d(64, 1, kernel_size=(3, 3), stride=(1, 1), padding=(1, 1))
        )
        (dim): Sequential(
          (0): Sequential(
            (0): Conv2d(64, 64, kernel_size=(3, 3), stride=(1, 1), padding=(1, 1))
            (1): BatchNorm2d(64, eps=1e-05, momentum=0.1, affine=True, track_running_stats=True)
            (2): ReLU()
          )
          (1): Conv2d(64, 3, kernel_size=(3, 3), stride=(1, 1), padding=(1, 1))
        )
        (rot): Sequential(
          (0): Sequential(
            (0): Conv2d(64, 64, kernel_size=(3, 3), stride=(1, 1), padding=(1, 1))
            (1): BatchNorm2d(64, eps=1e-05, momentum=0.1, affine=True, track_running_stats=True)
            (2): ReLU()
          )
          (1): Conv2d(64, 2, kernel_size=(3, 3), stride=(1, 1), padding=(1, 1))
        )
        (vel): Sequential(
          (0): Sequential(
            (0): Conv2d(64, 64, kernel_size=(3, 3), stride=(1, 1), padding=(1, 1))
            (1): BatchNorm2d(64, eps=1e-05, momentum=0.1, affine=True, track_running_stats=True)
            (2): ReLU()
          )
          (1): Conv2d(64, 2, kernel_size=(3, 3), stride=(1, 1), padding=(1, 1))
        )
        (center_uncertainty): Sequential(
          (0): Sequential(
            (0): Conv2d(64, 64, kernel_size=(3, 3), stride=(1, 1), padding=(1, 1))
            (1): BatchNorm2d(64, eps=1e-05, momentum=0.1, affine=True, track_running_stats=True)
            (2): ReLU()
          )
          (1): Conv2d(64, 2, kernel_size=(3, 3), stride=(1, 1), padding=(1, 1))
        )
        (dim_uncertainty): Sequential(
          (0): Sequential(
            (0): Conv2d(64, 64, kernel_size=(3, 3), stride=(1, 1), padding=(1, 1))
            (1): BatchNorm2d(64, eps=1e-05, momentum=0.1, affine=True, track_running_stats=True)
            (2): ReLU()
          )
          (1): Conv2d(64, 3, kernel_size=(3, 3), stride=(1, 1), padding=(1, 1))
        )
        (hm): Sequential(
          (0): Sequential(
            (0): Conv2d(64, 64, kernel_size=(3, 3), stride=(1, 1), padding=(1, 1))
            (1): BatchNorm2d(64, eps=1e-05, momentum=0.1, affine=True, track_running_stats=True)
            (2): ReLU()
          )
          (1): Conv2d(64, 1, kernel_size=(3, 3), stride=(1, 1), padding=(1, 1))
        )
      )
      (1): SeparateHead(
        (center): Sequential(
          (0): Sequential(
            (0): Conv2d(64, 64, kernel_size=(3, 3), stride=(1, 1), padding=(1, 1))
            (1): BatchNorm2d(64, eps=1e-05, momentum=0.1, affine=True, track_running_stats=True)
            (2): ReLU()
          )
          (1): Conv2d(64, 2, kernel_size=(3, 3), stride=(1, 1), padding=(1, 1))
        )
        (center_z): Sequential(
          (0): Sequential(
            (0): Conv2d(64, 64, kernel_size=(3, 3), stride=(1, 1), padding=(1, 1))
            (1): BatchNorm2d(64, eps=1e-05, momentum=0.1, affine=True, track_running_stats=True)
            (2): ReLU()
          )
          (1): Conv2d(64, 1, kernel_size=(3, 3), stride=(1, 1), padding=(1, 1))
        )
        (dim): Sequential(
          (0): Sequential(
            (0): Conv2d(64, 64, kernel_size=(3, 3), stride=(1, 1), padding=(1, 1))
            (1): BatchNorm2d(64, eps=1e-05, momentum=0.1, affine=True, track_running_stats=True)
            (2): ReLU()
          )
          (1): Conv2d(64, 3, kernel_size=(3, 3), stride=(1, 1), padding=(1, 1))
        )
        (rot): Sequential(
          (0): Sequential(
            (0): Conv2d(64, 64, kernel_size=(3, 3), stride=(1, 1), padding=(1, 1))
            (1): BatchNorm2d(64, eps=1e-05, momentum=0.1, affine=True, track_running_stats=True)
            (2): ReLU()
          )
          (1): Conv2d(64, 2, kernel_size=(3, 3), stride=(1, 1), padding=(1, 1))
        )
        (vel): Sequential(
          (0): Sequential(
            (0): Conv2d(64, 64, kernel_size=(3, 3), stride=(1, 1), padding=(1, 1))
            (1): BatchNorm2d(64, eps=1e-05, momentum=0.1, affine=True, track_running_stats=True)
            (2): ReLU()
          )
          (1): Conv2d(64, 2, kernel_size=(3, 3), stride=(1, 1), padding=(1, 1))
        )
        (center_uncertainty): Sequential(
          (0): Sequential(
            (0): Conv2d(64, 64, kernel_size=(3, 3), stride=(1, 1), padding=(1, 1))
            (1): BatchNorm2d(64, eps=1e-05, momentum=0.1, affine=True, track_running_stats=True)
            (2): ReLU()
          )
          (1): Conv2d(64, 2, kernel_size=(3, 3), stride=(1, 1), padding=(1, 1))
        )
        (dim_uncertainty): Sequential(
          (0): Sequential(
            (0): Conv2d(64, 64, kernel_size=(3, 3), stride=(1, 1), padding=(1, 1))
            (1): BatchNorm2d(64, eps=1e-05, momentum=0.1, affine=True, track_running_stats=True)
            (2): ReLU()
          )
          (1): Conv2d(64, 3, kernel_size=(3, 3), stride=(1, 1), padding=(1, 1))
        )
        (hm): Sequential(
          (0): Sequential(
            (0): Conv2d(64, 64, kernel_size=(3, 3), stride=(1, 1), padding=(1, 1))
            (1): BatchNorm2d(64, eps=1e-05, momentum=0.1, affine=True, track_running_stats=True)
            (2): ReLU()
          )
          (1): Conv2d(64, 2, kernel_size=(3, 3), stride=(1, 1), padding=(1, 1))
        )
      )
      (2): SeparateHead(
        (center): Sequential(
          (0): Sequential(
            (0): Conv2d(64, 64, kernel_size=(3, 3), stride=(1, 1), padding=(1, 1))
            (1): BatchNorm2d(64, eps=1e-05, momentum=0.1, affine=True, track_running_stats=True)
            (2): ReLU()
          )
          (1): Conv2d(64, 2, kernel_size=(3, 3), stride=(1, 1), padding=(1, 1))
        )
        (center_z): Sequential(
          (0): Sequential(
            (0): Conv2d(64, 64, kernel_size=(3, 3), stride=(1, 1), padding=(1, 1))
            (1): BatchNorm2d(64, eps=1e-05, momentum=0.1, affine=True, track_running_stats=True)
            (2): ReLU()
          )
          (1): Conv2d(64, 1, kernel_size=(3, 3), stride=(1, 1), padding=(1, 1))
        )
        (dim): Sequential(
          (0): Sequential(
            (0): Conv2d(64, 64, kernel_size=(3, 3), stride=(1, 1), padding=(1, 1))
            (1): BatchNorm2d(64, eps=1e-05, momentum=0.1, affine=True, track_running_stats=True)
            (2): ReLU()
          )
          (1): Conv2d(64, 3, kernel_size=(3, 3), stride=(1, 1), padding=(1, 1))
        )
        (rot): Sequential(
          (0): Sequential(
            (0): Conv2d(64, 64, kernel_size=(3, 3), stride=(1, 1), padding=(1, 1))
            (1): BatchNorm2d(64, eps=1e-05, momentum=0.1, affine=True, track_running_stats=True)
            (2): ReLU()
          )
          (1): Conv2d(64, 2, kernel_size=(3, 3), stride=(1, 1), padding=(1, 1))
        )
        (vel): Sequential(
          (0): Sequential(
            (0): Conv2d(64, 64, kernel_size=(3, 3), stride=(1, 1), padding=(1, 1))
            (1): BatchNorm2d(64, eps=1e-05, momentum=0.1, affine=True, track_running_stats=True)
            (2): ReLU()
          )
          (1): Conv2d(64, 2, kernel_size=(3, 3), stride=(1, 1), padding=(1, 1))
        )
        (center_uncertainty): Sequential(
          (0): Sequential(
            (0): Conv2d(64, 64, kernel_size=(3, 3), stride=(1, 1), padding=(1, 1))
            (1): BatchNorm2d(64, eps=1e-05, momentum=0.1, affine=True, track_running_stats=True)
            (2): ReLU()
          )
          (1): Conv2d(64, 2, kernel_size=(3, 3), stride=(1, 1), padding=(1, 1))
        )
        (dim_uncertainty): Sequential(
          (0): Sequential(
            (0): Conv2d(64, 64, kernel_size=(3, 3), stride=(1, 1), padding=(1, 1))
            (1): BatchNorm2d(64, eps=1e-05, momentum=0.1, affine=True, track_running_stats=True)
            (2): ReLU()
          )
          (1): Conv2d(64, 3, kernel_size=(3, 3), stride=(1, 1), padding=(1, 1))
        )
        (hm): Sequential(
          (0): Sequential(
            (0): Conv2d(64, 64, kernel_size=(3, 3), stride=(1, 1), padding=(1, 1))
            (1): BatchNorm2d(64, eps=1e-05, momentum=0.1, affine=True, track_running_stats=True)
            (2): ReLU()
          )
          (1): Conv2d(64, 2, kernel_size=(3, 3), stride=(1, 1), padding=(1, 1))
        )
      )
      (3): SeparateHead(
        (center): Sequential(
          (0): Sequential(
            (0): Conv2d(64, 64, kernel_size=(3, 3), stride=(1, 1), padding=(1, 1))
            (1): BatchNorm2d(64, eps=1e-05, momentum=0.1, affine=True, track_running_stats=True)
            (2): ReLU()
          )
          (1): Conv2d(64, 2, kernel_size=(3, 3), stride=(1, 1), padding=(1, 1))
        )
        (center_z): Sequential(
          (0): Sequential(
            (0): Conv2d(64, 64, kernel_size=(3, 3), stride=(1, 1), padding=(1, 1))
            (1): BatchNorm2d(64, eps=1e-05, momentum=0.1, affine=True, track_running_stats=True)
            (2): ReLU()
          )
          (1): Conv2d(64, 1, kernel_size=(3, 3), stride=(1, 1), padding=(1, 1))
        )
        (dim): Sequential(
          (0): Sequential(
            (0): Conv2d(64, 64, kernel_size=(3, 3), stride=(1, 1), padding=(1, 1))
            (1): BatchNorm2d(64, eps=1e-05, momentum=0.1, affine=True, track_running_stats=True)
            (2): ReLU()
          )
          (1): Conv2d(64, 3, kernel_size=(3, 3), stride=(1, 1), padding=(1, 1))
        )
        (rot): Sequential(
          (0): Sequential(
            (0): Conv2d(64, 64, kernel_size=(3, 3), stride=(1, 1), padding=(1, 1))
            (1): BatchNorm2d(64, eps=1e-05, momentum=0.1, affine=True, track_running_stats=True)
            (2): ReLU()
          )
          (1): Conv2d(64, 2, kernel_size=(3, 3), stride=(1, 1), padding=(1, 1))
        )
        (vel): Sequential(
          (0): Sequential(
            (0): Conv2d(64, 64, kernel_size=(3, 3), stride=(1, 1), padding=(1, 1))
            (1): BatchNorm2d(64, eps=1e-05, momentum=0.1, affine=True, track_running_stats=True)
            (2): ReLU()
          )
          (1): Conv2d(64, 2, kernel_size=(3, 3), stride=(1, 1), padding=(1, 1))
        )
        (center_uncertainty): Sequential(
          (0): Sequential(
            (0): Conv2d(64, 64, kernel_size=(3, 3), stride=(1, 1), padding=(1, 1))
            (1): BatchNorm2d(64, eps=1e-05, momentum=0.1, affine=True, track_running_stats=True)
            (2): ReLU()
          )
          (1): Conv2d(64, 2, kernel_size=(3, 3), stride=(1, 1), padding=(1, 1))
        )
        (dim_uncertainty): Sequential(
          (0): Sequential(
            (0): Conv2d(64, 64, kernel_size=(3, 3), stride=(1, 1), padding=(1, 1))
            (1): BatchNorm2d(64, eps=1e-05, momentum=0.1, affine=True, track_running_stats=True)
            (2): ReLU()
          )
          (1): Conv2d(64, 3, kernel_size=(3, 3), stride=(1, 1), padding=(1, 1))
        )
        (hm): Sequential(
          (0): Sequential(
            (0): Conv2d(64, 64, kernel_size=(3, 3), stride=(1, 1), padding=(1, 1))
            (1): BatchNorm2d(64, eps=1e-05, momentum=0.1, affine=True, track_running_stats=True)
            (2): ReLU()
          )
          (1): Conv2d(64, 1, kernel_size=(3, 3), stride=(1, 1), padding=(1, 1))
        )
      )
      (4): SeparateHead(
        (center): Sequential(
          (0): Sequential(
            (0): Conv2d(64, 64, kernel_size=(3, 3), stride=(1, 1), padding=(1, 1))
            (1): BatchNorm2d(64, eps=1e-05, momentum=0.1, affine=True, track_running_stats=True)
            (2): ReLU()
          )
          (1): Conv2d(64, 2, kernel_size=(3, 3), stride=(1, 1), padding=(1, 1))
        )
        (center_z): Sequential(
          (0): Sequential(
            (0): Conv2d(64, 64, kernel_size=(3, 3), stride=(1, 1), padding=(1, 1))
            (1): BatchNorm2d(64, eps=1e-05, momentum=0.1, affine=True, track_running_stats=True)
            (2): ReLU()
          )
          (1): Conv2d(64, 1, kernel_size=(3, 3), stride=(1, 1), padding=(1, 1))
        )
        (dim): Sequential(
          (0): Sequential(
            (0): Conv2d(64, 64, kernel_size=(3, 3), stride=(1, 1), padding=(1, 1))
            (1): BatchNorm2d(64, eps=1e-05, momentum=0.1, affine=True, track_running_stats=True)
            (2): ReLU()
          )
          (1): Conv2d(64, 3, kernel_size=(3, 3), stride=(1, 1), padding=(1, 1))
        )
        (rot): Sequential(
          (0): Sequential(
            (0): Conv2d(64, 64, kernel_size=(3, 3), stride=(1, 1), padding=(1, 1))
            (1): BatchNorm2d(64, eps=1e-05, momentum=0.1, affine=True, track_running_stats=True)
            (2): ReLU()
          )
          (1): Conv2d(64, 2, kernel_size=(3, 3), stride=(1, 1), padding=(1, 1))
        )
        (vel): Sequential(
          (0): Sequential(
            (0): Conv2d(64, 64, kernel_size=(3, 3), stride=(1, 1), padding=(1, 1))
            (1): BatchNorm2d(64, eps=1e-05, momentum=0.1, affine=True, track_running_stats=True)
            (2): ReLU()
          )
          (1): Conv2d(64, 2, kernel_size=(3, 3), stride=(1, 1), padding=(1, 1))
        )
        (center_uncertainty): Sequential(
          (0): Sequential(
            (0): Conv2d(64, 64, kernel_size=(3, 3), stride=(1, 1), padding=(1, 1))
            (1): BatchNorm2d(64, eps=1e-05, momentum=0.1, affine=True, track_running_stats=True)
            (2): ReLU()
          )
          (1): Conv2d(64, 2, kernel_size=(3, 3), stride=(1, 1), padding=(1, 1))
        )
        (dim_uncertainty): Sequential(
          (0): Sequential(
            (0): Conv2d(64, 64, kernel_size=(3, 3), stride=(1, 1), padding=(1, 1))
            (1): BatchNorm2d(64, eps=1e-05, momentum=0.1, affine=True, track_running_stats=True)
            (2): ReLU()
          )
          (1): Conv2d(64, 3, kernel_size=(3, 3), stride=(1, 1), padding=(1, 1))
        )
        (hm): Sequential(
          (0): Sequential(
            (0): Conv2d(64, 64, kernel_size=(3, 3), stride=(1, 1), padding=(1, 1))
            (1): BatchNorm2d(64, eps=1e-05, momentum=0.1, affine=True, track_running_stats=True)
            (2): ReLU()
          )
          (1): Conv2d(64, 2, kernel_size=(3, 3), stride=(1, 1), padding=(1, 1))
        )
      )
      (5): SeparateHead(
        (center): Sequential(
          (0): Sequential(
            (0): Conv2d(64, 64, kernel_size=(3, 3), stride=(1, 1), padding=(1, 1))
            (1): BatchNorm2d(64, eps=1e-05, momentum=0.1, affine=True, track_running_stats=True)
            (2): ReLU()
          )
          (1): Conv2d(64, 2, kernel_size=(3, 3), stride=(1, 1), padding=(1, 1))
        )
        (center_z): Sequential(
          (0): Sequential(
            (0): Conv2d(64, 64, kernel_size=(3, 3), stride=(1, 1), padding=(1, 1))
            (1): BatchNorm2d(64, eps=1e-05, momentum=0.1, affine=True, track_running_stats=True)
            (2): ReLU()
          )
          (1): Conv2d(64, 1, kernel_size=(3, 3), stride=(1, 1), padding=(1, 1))
        )
        (dim): Sequential(
          (0): Sequential(
            (0): Conv2d(64, 64, kernel_size=(3, 3), stride=(1, 1), padding=(1, 1))
            (1): BatchNorm2d(64, eps=1e-05, momentum=0.1, affine=True, track_running_stats=True)
            (2): ReLU()
          )
          (1): Conv2d(64, 3, kernel_size=(3, 3), stride=(1, 1), padding=(1, 1))
        )
        (rot): Sequential(
          (0): Sequential(
            (0): Conv2d(64, 64, kernel_size=(3, 3), stride=(1, 1), padding=(1, 1))
            (1): BatchNorm2d(64, eps=1e-05, momentum=0.1, affine=True, track_running_stats=True)
            (2): ReLU()
          )
          (1): Conv2d(64, 2, kernel_size=(3, 3), stride=(1, 1), padding=(1, 1))
        )
        (vel): Sequential(
          (0): Sequential(
            (0): Conv2d(64, 64, kernel_size=(3, 3), stride=(1, 1), padding=(1, 1))
            (1): BatchNorm2d(64, eps=1e-05, momentum=0.1, affine=True, track_running_stats=True)
            (2): ReLU()
          )
          (1): Conv2d(64, 2, kernel_size=(3, 3), stride=(1, 1), padding=(1, 1))
        )
        (center_uncertainty): Sequential(
          (0): Sequential(
            (0): Conv2d(64, 64, kernel_size=(3, 3), stride=(1, 1), padding=(1, 1))
            (1): BatchNorm2d(64, eps=1e-05, momentum=0.1, affine=True, track_running_stats=True)
            (2): ReLU()
          )
          (1): Conv2d(64, 2, kernel_size=(3, 3), stride=(1, 1), padding=(1, 1))
        )
        (dim_uncertainty): Sequential(
          (0): Sequential(
            (0): Conv2d(64, 64, kernel_size=(3, 3), stride=(1, 1), padding=(1, 1))
            (1): BatchNorm2d(64, eps=1e-05, momentum=0.1, affine=True, track_running_stats=True)
            (2): ReLU()
          )
          (1): Conv2d(64, 3, kernel_size=(3, 3), stride=(1, 1), padding=(1, 1))
        )
        (hm): Sequential(
          (0): Sequential(
            (0): Conv2d(64, 64, kernel_size=(3, 3), stride=(1, 1), padding=(1, 1))
            (1): BatchNorm2d(64, eps=1e-05, momentum=0.1, affine=True, track_running_stats=True)
            (2): ReLU()
          )
          (1): Conv2d(64, 2, kernel_size=(3, 3), stride=(1, 1), padding=(1, 1))
        )
      )
    )
    (hm_loss_func): FocalLossCenterNet()
    (reg_loss_func): UncertainL1Loss()
    (uncertainty_activation): Softplus(beta=1, threshold=20)
  )
  (point_head): None
  (roi_head): None
)
2025-03-28 18:06:51,280   INFO  **********************Start training nuscenes_models/cbgs_voxel01_res3d_centerpoint_uncertainty(shifted_bounded_uncertainty)**********************
2025-03-28 18:09:20,260   INFO  Train:   30/30 (100%) [2690/3862 ( 70%)]  Loss: -12.10 (-12.1)  LR: 2.133e-06  Time cost: 02:27/48:08:55 [02:28/48:08:55]  Acc_iter 114689      Data time: 25.27(25.27)  Forward time: 122.62(122.62)  Batch time: 147.90(147.90)
2025-03-28 18:10:00,258   INFO  Train:   30/30 (100%) [2701/3862 ( 70%)]  Loss: -11.58 (-11.9)  LR: 2.094e-06  Time cost: 03:07/5:02:58 [03:08/5:02:58]  Acc_iter 114700      Data time: 0.01(2.11)  Forward time: 3.43(13.55)  Batch time: 3.44(15.66)
2025-03-28 18:11:53,437   INFO  Save latest model to /OpenPCDet/output/nuscenes_models/cbgs_voxel01_res3d_centerpoint_uncertainty/shifted_bounded_uncertainty/ckpt/latest_model
2025-03-28 18:12:49,746   INFO  Train:   30/30 (100%) [2751/3862 ( 71%)]  Loss: -12.48 (-11.9)  LR: 1.920e-06  Time cost: 05:57/1:46:44 [05:58/1:46:44]  Acc_iter 114750      Data time: 0.01(0.43)  Forward time: 3.11(5.34)  Batch time: 3.12(5.76)
2025-03-28 18:12:50,520   INFO  
2025-03-28 18:15:41,718   INFO  Train:   30/30 (100%) [2801/3862 ( 73%)]  Loss: -12.17 (-12.0)  LR: 1.754e-06  Time cost: 08:49/1:23:34 [08:50/1:23:34]  Acc_iter 114800      Data time: 0.00(0.25)  Forward time: 3.27(4.48)  Batch time: 3.27(4.73)
2025-03-28 18:16:52,925   INFO  Save latest model to /OpenPCDet/output/nuscenes_models/cbgs_voxel01_res3d_centerpoint_uncertainty/shifted_bounded_uncertainty/ckpt/latest_model
2025-03-28 18:18:28,811   INFO  Train:   30/30 (100%) [2851/3862 ( 74%)]  Loss: -11.91 (-12.0)  LR: 1.595e-06  Time cost: 11:36/1:12:26 [11:37/1:12:26]  Acc_iter 114850      Data time: 0.00(0.17)  Forward time: 3.39(4.12)  Batch time: 3.39(4.30)
2025-03-28 18:21:14,742   INFO  Train:   30/30 (100%) [2901/3862 ( 75%)]  Loss: -11.32 (-12.0)  LR: 1.444e-06  Time cost: 14:22/1:05:09 [14:23/1:05:09]  Acc_iter 114900      Data time: 0.01(0.14)  Forward time: 3.49(3.93)  Batch time: 3.49(4.07)
2025-03-28 18:21:15,824   INFO  
2025-03-28 18:21:52,975   INFO  Save latest model to /OpenPCDet/output/nuscenes_models/cbgs_voxel01_res3d_centerpoint_uncertainty/shifted_bounded_uncertainty/ckpt/latest_model
2025-03-28 18:24:08,386   INFO  Train:   30/30 (100%) [2951/3862 ( 76%)]  Loss: -11.96 (-12.0)  LR: 1.301e-06  Time cost: 17:16/1:00:02 [17:17/1:00:02]  Acc_iter 114950      Data time: 0.00(0.12)  Forward time: 2.55(3.84)  Batch time: 2.55(3.95)
2025-03-28 18:26:54,305   INFO  Save latest model to /OpenPCDet/output/nuscenes_models/cbgs_voxel01_res3d_centerpoint_uncertainty/shifted_bounded_uncertainty/ckpt/latest_model
2025-03-28 18:27:02,482   INFO  Train:   30/30 (100%) [3001/3862 ( 78%)]  Loss: -11.62 (-12.0)  LR: 1.165e-06  Time cost: 20:10/55:39 [20:11/55:39]  Acc_iter 115000      Data time: 0.00(0.10)  Forward time: 4.33(3.78)  Batch time: 4.33(3.88)
2025-03-28 18:29:56,364   INFO  Train:   30/30 (100%) [3051/3862 ( 79%)]  Loss: -12.50 (-11.9)  LR: 1.037e-06  Time cost: 23:04/51:40 [23:05/51:40]  Acc_iter 115050      Data time: 0.00(0.09)  Forward time: 3.36(3.73)  Batch time: 3.36(3.82)
2025-03-28 18:29:57,323   INFO  
2025-03-28 18:31:52,864   INFO  Save latest model to /OpenPCDet/output/nuscenes_models/cbgs_voxel01_res3d_centerpoint_uncertainty/shifted_bounded_uncertainty/ckpt/latest_model
2025-03-28 18:32:54,683   INFO  Train:   30/30 (100%) [3101/3862 ( 80%)]  Loss: -11.02 (-11.9)  LR: 9.170e-07  Time cost: 26:02/48:05 [26:03/48:05]  Acc_iter 115100      Data time: 0.00(0.08)  Forward time: 2.65(3.71)  Batch time: 2.65(3.79)
2025-03-28 18:35:55,707   INFO  Train:   30/30 (100%) [3151/3862 ( 82%)]  Loss: -12.29 (-11.9)  LR: 8.043e-07  Time cost: 29:03/44:42 [29:04/44:42]  Acc_iter 115150      Data time: 0.02(0.07)  Forward time: 4.40(3.70)  Batch time: 4.42(3.77)
2025-03-28 18:36:54,096   INFO  Save latest model to /OpenPCDet/output/nuscenes_models/cbgs_voxel01_res3d_centerpoint_uncertainty/shifted_bounded_uncertainty/ckpt/latest_model
2025-03-28 18:38:59,097   INFO  Train:   30/30 (100%) [3201/3862 ( 83%)]  Loss: -11.38 (-11.9)  LR: 6.992e-07  Time cost: 32:06/41:27 [32:07/41:27]  Acc_iter 115200      Data time: 0.00(0.07)  Forward time: 3.62(3.69)  Batch time: 3.63(3.76)
2025-03-28 18:39:00,253   INFO  
2025-03-28 18:41:56,172   INFO  Train:   30/30 (100%) [3251/3862 ( 84%)]  Loss: -12.13 (-11.9)  LR: 6.018e-07  Time cost: 35:03/38:07 [35:04/38:07]  Acc_iter 115250      Data time: 0.08(0.07)  Forward time: 3.90(3.68)  Batch time: 3.99(3.74)
2025-03-28 18:41:57,031   INFO  Save latest model to /OpenPCDet/output/nuscenes_models/cbgs_voxel01_res3d_centerpoint_uncertainty/shifted_bounded_uncertainty/ckpt/latest_model
2025-03-28 18:44:51,576   INFO  Train:   30/30 (100%) [3301/3862 ( 85%)]  Loss: -11.27 (-11.9)  LR: 5.120e-07  Time cost: 37:59/34:49 [38:00/34:49]  Acc_iter 115300      Data time: 0.00(0.06)  Forward time: 3.78(3.66)  Batch time: 3.78(3.72)
2025-03-28 18:46:53,291   INFO  Save latest model to /OpenPCDet/output/nuscenes_models/cbgs_voxel01_res3d_centerpoint_uncertainty/shifted_bounded_uncertainty/ckpt/latest_model
2025-03-28 18:47:44,577   INFO  Train:   30/30 (100%) [3351/3862 ( 87%)]  Loss: -12.09 (-11.9)  LR: 4.300e-07  Time cost: 40:52/31:32 [40:53/31:32]  Acc_iter 115350      Data time: 0.01(0.06)  Forward time: 3.57(3.65)  Batch time: 3.58(3.70)
2025-03-28 18:47:45,496   INFO  
2025-03-28 18:50:49,472   INFO  Train:   30/30 (100%) [3401/3862 ( 88%)]  Loss: -11.65 (-11.9)  LR: 3.555e-07  Time cost: 43:57/28:27 [43:58/28:27]  Acc_iter 115400      Data time: 0.01(0.06)  Forward time: 3.09(3.65)  Batch time: 3.10(3.70)
2025-03-28 18:51:55,270   INFO  Save latest model to /OpenPCDet/output/nuscenes_models/cbgs_voxel01_res3d_centerpoint_uncertainty/shifted_bounded_uncertainty/ckpt/latest_model
2025-03-28 18:53:39,891   INFO  Train:   30/30 (100%) [3451/3862 ( 89%)]  Loss: -11.68 (-11.9)  LR: 2.887e-07  Time cost: 46:47/25:14 [46:48/25:14]  Acc_iter 115450      Data time: 0.00(0.05)  Forward time: 3.85(3.63)  Batch time: 3.86(3.68)
2025-03-28 18:56:38,421   INFO  Train:   30/30 (100%) [3501/3862 ( 91%)]  Loss: -12.01 (-11.9)  LR: 2.296e-07  Time cost: 49:46/22:07 [49:47/22:07]  Acc_iter 115500      Data time: 0.01(0.05)  Forward time: 3.63(3.63)  Batch time: 3.64(3.68)
2025-03-28 18:56:40,075   INFO  
2025-03-28 18:56:52,925   INFO  Save latest model to /OpenPCDet/output/nuscenes_models/cbgs_voxel01_res3d_centerpoint_uncertainty/shifted_bounded_uncertainty/ckpt/latest_model
2025-03-28 18:59:23,098   INFO  Train:   30/30 (100%) [3551/3862 ( 92%)]  Loss: -11.76 (-11.9)  LR: 1.781e-07  Time cost: 52:30/18:56 [52:31/18:56]  Acc_iter 115550      Data time: 0.00(0.05)  Forward time: 3.34(3.60)  Batch time: 3.34(3.66)
2025-03-28 19:01:55,307   INFO  Save latest model to /OpenPCDet/output/nuscenes_models/cbgs_voxel01_res3d_centerpoint_uncertainty/shifted_bounded_uncertainty/ckpt/latest_model
2025-03-28 19:02:08,093   INFO  Train:   30/30 (100%) [3601/3862 ( 93%)]  Loss: -11.69 (-11.9)  LR: 1.343e-07  Time cost: 55:15/15:48 [55:16/15:48]  Acc_iter 115600      Data time: 0.00(0.05)  Forward time: 3.38(3.59)  Batch time: 3.38(3.64)
2025-03-28 19:04:57,068   INFO  Train:   30/30 (100%) [3651/3862 ( 95%)]  Loss: -11.80 (-11.9)  LR: 9.819e-08  Time cost: 58:04/12:44 [58:05/12:44]  Acc_iter 115650      Data time: 0.00(0.05)  Forward time: 2.54(3.58)  Batch time: 2.54(3.62)
2025-03-28 19:04:57,948   INFO  
2025-03-28 19:06:56,965   INFO  Save latest model to /OpenPCDet/output/nuscenes_models/cbgs_voxel01_res3d_centerpoint_uncertainty/shifted_bounded_uncertainty/ckpt/latest_model
2025-03-28 19:07:52,057   INFO  Train:   30/30 (100%) [3701/3862 ( 96%)]  Loss: -12.70 (-11.9)  LR: 6.970e-08  Time cost: 1:00:59/09:42 [1:01:00/09:42]  Acc_iter 115700      Data time: 0.08(0.05)  Forward time: 3.71(3.57)  Batch time: 3.79(3.62)
2025-03-28 19:10:43,784   INFO  Train:   30/30 (100%) [3751/3862 ( 97%)]  Loss: -11.92 (-11.9)  LR: 4.887e-08  Time cost: 1:03:51/06:40 [1:03:52/06:40]  Acc_iter 115750      Data time: 0.01(0.04)  Forward time: 3.88(3.56)  Batch time: 3.89(3.61)
2025-03-28 19:11:54,614   INFO  Save latest model to /OpenPCDet/output/nuscenes_models/cbgs_voxel01_res3d_centerpoint_uncertainty/shifted_bounded_uncertainty/ckpt/latest_model
2025-03-28 19:13:21,396   INFO  Train:   30/30 (100%) [3801/3862 ( 98%)]  Loss: -11.91 (-11.9)  LR: 3.570e-08  Time cost: 1:06:29/03:38 [1:06:30/03:38]  Acc_iter 115800      Data time: 0.00(0.04)  Forward time: 3.86(3.55)  Batch time: 3.86(3.59)
2025-03-28 19:13:22,307   INFO  
2025-03-28 19:16:07,369   INFO  Train:   30/30 (100%) [3851/3862 (100%)]  Loss: -12.31 (-11.9)  LR: 3.019e-08  Time cost: 1:09:15/00:39 [1:09:16/00:39]  Acc_iter 115850      Data time: 0.00(0.04)  Forward time: 3.66(3.53)  Batch time: 3.66(3.58)
2025-03-28 19:16:37,367   INFO  Train:   30/30 (100%) [3861/3862 (100%)]  Loss: -11.75 (-11.9)  LR: 3.000e-08  Time cost: 1:09:45/00:03 [1:09:46/00:03]  Acc_iter 115860      Data time: 0.02(0.04)  Forward time: 3.22(3.53)  Batch time: 3.24(3.57)
2025-03-28 19:16:42,347   INFO  **********************End training nuscenes_models/cbgs_voxel01_res3d_centerpoint_uncertainty(shifted_bounded_uncertainty)**********************



2025-03-28 19:16:42,348   INFO  **********************Start evaluation nuscenes_models/cbgs_voxel01_res3d_centerpoint_uncertainty(shifted_bounded_uncertainty)**********************
2025-03-28 19:16:42,348   INFO  Loading NuScenes dataset
2025-03-28 19:16:42,791   INFO  Total samples for NuScenes dataset: 6019
2025-03-28 19:16:42,794   INFO  ==> Loading parameters from checkpoint /OpenPCDet/output/nuscenes_models/cbgs_voxel01_res3d_centerpoint_uncertainty/shifted_bounded_uncertainty/ckpt/checkpoint_epoch_30.pth to GPU
2025-03-28 19:16:42,883   INFO  ==> Checkpoint trained from version: pcdet+0.6.0+
2025-03-28 19:16:42,902   INFO  ==> Done (loaded 666/666)
2025-03-28 19:16:42,910   INFO  *************** EPOCH 30 EVALUATION *****************
2025-03-28 19:25:01,848   INFO  *************** Performance of EPOCH 30 *****************
2025-03-28 19:25:01,848   INFO  Generate label finished(sec_per_example: 0.0829 second).
2025-03-28 19:25:01,848   INFO  recall_roi_0.3: 0.000000
2025-03-28 19:25:01,848   INFO  recall_rcnn_0.3: 0.726733
2025-03-28 19:25:01,848   INFO  recall_roi_0.5: 0.000000
2025-03-28 19:25:01,848   INFO  recall_rcnn_0.5: 0.486246
2025-03-28 19:25:01,848   INFO  recall_roi_0.7: 0.000000
2025-03-28 19:25:01,848   INFO  recall_rcnn_0.7: 0.200475
2025-03-28 19:25:01,874   INFO  Average predicted number of objects(6019 samples): 156.597
2025-03-28 19:27:55,172   INFO  The predictions of NuScenes have been saved to /OpenPCDet/output/nuscenes_models/cbgs_voxel01_res3d_centerpoint_uncertainty/shifted_bounded_uncertainty/eval/eval_with_train/epoch_30/val/final_result/data/results_nusc.json
2025-03-28 19:30:09,215   INFO  ----------------Nuscene detection_cvpr_2019 results-----------------
***car error@trans, scale, orient, vel, attr | AP@0.5, 1.0, 2.0, 4.0
0.19, 0.15, 0.24, 0.24, 0.19 | 72.30, 83.58, 87.01, 88.76 | mean AP: 0.8291201299314299
***truck error@trans, scale, orient, vel, attr | AP@0.5, 1.0, 2.0, 4.0
0.32, 0.17, 0.21, 0.22, 0.22 | 35.59, 51.06, 59.82, 63.21 | mean AP: 0.5241976315290656
***construction_vehicle error@trans, scale, orient, vel, attr | AP@0.5, 1.0, 2.0, 4.0
0.68, 0.45, 1.13, 0.13, 0.32 | 2.13, 10.34, 20.32, 27.48 | mean AP: 0.1506633665003339
***bus error@trans, scale, orient, vel, attr | AP@0.5, 1.0, 2.0, 4.0
0.34, 0.17, 0.17, 0.38, 0.27 | 40.86, 61.88, 74.19, 76.79 | mean AP: 0.6342992318413286
***trailer error@trans, scale, orient, vel, attr | AP@0.5, 1.0, 2.0, 4.0
0.52, 0.22, 0.70, 0.16, 0.16 | 12.00, 32.78, 45.46, 53.85 | mean AP: 0.36021939755498433
***barrier error@trans, scale, orient, vel, attr | AP@0.5, 1.0, 2.0, 4.0
0.22, 0.30, 0.23, nan, nan | 54.96, 63.10, 66.83, 69.04 | mean AP: 0.6348045460812611
***motorcycle error@trans, scale, orient, vel, attr | AP@0.5, 1.0, 2.0, 4.0
0.21, 0.25, 0.57, 0.39, 0.22 | 44.34, 51.25, 52.32, 52.92 | mean AP: 0.5020575588832258
***bicycle error@trans, scale, orient, vel, attr | AP@0.5, 1.0, 2.0, 4.0
0.18, 0.27, 0.72, 0.18, 0.02 | 30.04, 31.43, 31.51, 31.85 | mean AP: 0.31207978510714107
***pedestrian error@trans, scale, orient, vel, attr | AP@0.5, 1.0, 2.0, 4.0
0.16, 0.28, 0.45, 0.26, 0.10 | 79.78, 81.92, 83.37, 84.85 | mean AP: 0.8247897743954182
***traffic_cone error@trans, scale, orient, vel, attr | AP@0.5, 1.0, 2.0, 4.0
0.15, 0.34, nan, nan, nan | 59.26, 61.56, 63.45, 66.87 | mean AP: 0.6278257302017101
--------------average performance-------------
trans_err:	 0.2966
scale_err:	 0.2605
orient_err:	 0.4907
vel_err:	 0.2458
attr_err:	 0.1890
mAP:	 0.5400
NDS:	 0.6217

2025-03-28 19:30:09,217   INFO  Result is saved to /OpenPCDet/output/nuscenes_models/cbgs_voxel01_res3d_centerpoint_uncertainty/shifted_bounded_uncertainty/eval/eval_with_train/epoch_30/val
2025-03-28 19:30:09,217   INFO  ****************Evaluation done.*****************
2025-03-28 19:30:09,284   INFO  Epoch 30 has been evaluated
2025-03-28 19:30:39,316   INFO  **********************End evaluation nuscenes_models/cbgs_voxel01_res3d_centerpoint_uncertainty(shifted_bounded_uncertainty)**********************
